
 Start  Stop   Length Name                   Class
 F0000H F1993H 01994H TEXT                   CODE
 F19A0H F3490H 01AF1H _TEXT                  CODE
 F34A0H F3F9FH 00B00H _GHOST_DATA            CODE
 00000H 00AFFH 00B00H DATA                   DATA
 00B00H 00B00H 00000H _DATA                  DATA
 00B00H 00B7DH 0007EH BSS                    DATA
 00B80H 01B7FH 01000H _BSS                   BSS
 01B80H 01B80H 00000H _HEAP                  BSS

 Origin   Group
 F000:0   CGROUP
 0000:0   DGROUP

  Address         Publics by Value

 0000:0000       _InteruptVector
 0000:0000       dseg_start
 0000:0400       _sPal4
 0000:0420       _grpKeyboard
 0000:06C0       _grpLogo
 0000:0800       _grpPan
 0000:08A0       _grpLength
 0000:0940       _grpVol
 0000:09E0       _grpSpr
 0000:0A00       _mapKeyboard
 0000:0A2A       _mapLogo
 0000:0A3E       _VramSprite
 0000:0A42       _VramScreen1
 0000:0A46       _VramScreen2
 0000:0A4A       _VramFont
 0000:0A4E       _VramPalette
 0000:0B00       bss_start
 0000:0B80       _WTD_Work
 0000:1B80       heap_start
 F000:0000       _Start
 F000:00C3       _Exit
 F000:00C5       _InterruptVector_Default
 F000:00C6       _InterruptVector_DivZero
 F000:10E9       _print
 F000:1134       _LCDcls
 F000:117A       _SetFontData
 F000:11CF       _BGDraw
 F000:123A       _DrawKeyboard
 F000:1359       _LCDinit
 F000:141F       _Inkey0
 F000:145E       _KeyWait
 F000:147E       _IRAM_Dump
 F000:159D       _debug_main
 F000:15BA       _main
 F000:19A0       _sprintf
 F000:19C2       _vsprintf
 F000:19E4       sprintf0
 F000:1B63       scandeci
 F000:1B80       WanderSwanTotalSoundDriver_
 F000:1C15       _WTD_FunctionLoad
 F000:24D4       I_Start

Program entry point at F000:0000
