Microsoft (R) Macro Assembler Version 6.11		    07/23/15 20:11:07
a2h16.asm						     Page 1 - 1



					.186
					.model	tiny,stdcall


				;****************************************************************
				;*		外部宣言					*
				;****************************************************************
				include	lib_dos.inc
			      C 
			      C 
			      C ComSmole	proto	near,	sizeCOM:WORD
			      C ExeSmole	proto	near,	szDGROUP:WORD
			      C Memory_Open	proto	near,	ParaSize:word
			      C Memory_Close	proto	near,	CloseSegment:word
			      C 
			      C File_Create	proto	near,	cFilename:dword,iAttr:word
			      C File_Open	proto	near,	cFilename:dword,cMode:byte
			      C File_Close	proto	near,	hFile:word
			      C File_Load	proto	near,	hFile:word,	cBuff:dword
			      C File_Load_S	proto	near,	hFile:word,	iSize:word,	cBuff:dword
			      C File_Write	proto	near,	hFile:word,	iSize:word,	cBuff:dword
			      C File_Seek	proto	near,	hFile:word,	iControl:BYTE,	dOffset	:dword
			      C 
			      C ChangeExt			proto	near,	cFilename:dword,cExt:dword
			      C Change_Current_Directory	proto	near,	cDirname:dword
			      C 
			      C File_Err	proto	near
			      C 
			      C 
			      C 
			      C ASC2HEX8	proto	near
			      C ASC2HEX16	proto	near
			      C HEX2ASC8	proto	near
			      C HEX2ASC16	proto	near
			      C FH2A8		proto	near
			      C FH2A16		proto	near
			      C H2A_F		proto	near,	iValue	:WORD,	iForm	:WORD
			      C H2A8		proto	near
			      C dat2hex8	proto	near
			      C dat2hex16	proto	near
			      C 
			      C 
			      C 


				;****************************************************************
				;*		コード						*
				;****************************************************************
				;---------------------------------------------------------------|
				;		ASCII CODE→１６進コード(-32768～65535)		|
				;---------------------------------------------------------------|
				;	引数							|
				;		DS:DX←変換したい文字列先頭アドレス		|
				;	返り値							|
				;		AX←変換後					|
				;		DS:BX←次のアドレス				|
				;---------------------------------------------------------------|
 0000				.data
 0000 0001 000A 0064 03E8	A2H_MUL	dw	1,10,100,1000,10000
       2710
 0000				.code
 0000				ASC2HEX16	proc	near	uses cx dx di si es

					local	dhex8	:WORD
					local	hex_8[5]:BYTE
					local	f8flag	:BYTE

 0000  55		   *	    push   bp
 0001  8B EC		   *	    mov    bp, sp
 0003  83 C4 F8		   *	    add    sp, 0FFF8h
 0006  51		   *	    push   cx
 0007  52		   *	    push   dx
 0008  57		   *	    push   di
 0009  56		   *	    push   si
 000A  06		   *	    push   es
 000B  16				push	ss			;◆初期化
 000C  07				pop	es
 000D  8D 7E F9				lea	di, hex_8		;es:di 保存先
 0010  8B F2				mov	si, dx			;ds:si 読込元
 0012  33 C9				xor	cx, cx
 0014  89 4E FE				mov	dhex8,	cx		
 0017  88 4E F8				mov	f8flag,	cl		;flag reset

					.if	(byte ptr ds:[si] == '-')	;◆符号チェック
 001A  80 3C 2D		   *	    cmp    byte ptr ds : [si], '-'
 001D  75 05		   *	    jne    @C0001
 001F  46					inc	si
 0020  C6 46 F8 F8				mov	f8flag, 0F8h
					.endif
 0024			   *@C0001:
					.repeat				;◆読み込み＆一次保存
 0024			   *@C0003:
 0024  AC				   lodsb
 0025  2C 30				   sub	al,30h
					   .break .if	( (carry?) || (al>=10) )
 0027  72 0B		   *	    jb     @C0005
 0029  3C 0A		   *	    cmp    al, 00Ah
 002B  73 07		   *	    jae    @C0005
 002D  AA				   stosb
 002E  41				   inc	cx
					.until		(cx >= 5)
 002F  83 F9 05		   *	    cmp    cx, 005h
 0032  72 F0		   *	    jb     @C0003
 0034			   *@C0005:
					.if		(cx > 0)	;◆変換
 0034  83 F9 00		   *	    cmp    cx, 000h
 0037  76 25		   *	    jbe    @C0009
 0039  4E				   dec	si	;ポインターを戻す
 003A  33 DB				   xor	bx, bx
					   .repeat
 003C			   *@C000B:
 003C  4F					dec	di
 003D  33 C0					xor	ax, ax
 003F  26: 8A 05				mov	al, es:[di]
 0042  2E: F7 A7 0000 R				mul	cs:[A2H_MUL + bx]
 0047  01 46 FE					add	DHEX8, ax
 004A  83 C3 02					add	bx, 2
 004D  49					dec	cx
					   .until	(zero?)
 004E  75 EC		   *	    jne    @C000B
 0050  8B 46 FE				   mov	ax, DHEX8
					   .if	(f8flag != 0)
 0053  80 7E F8 00	   *	    cmp    f8flag, 000h
 0057  74 02		   *	    je     @C000D
 0059  F7 D8					neg	ax
					   .endif
 005B			   *@C000D:
 005B  F8				   clc		;Not Error
					.else
 005C  EB 01		   *	    jmp    @C000F
 005E			   *@C0009:
 005E  F9			Error:	   stc		;Error
					.endif
 005F			   *@C000F:
 005F  8B DE				mov	bx, si

					RET				;
 0061  07		   *	    pop    es
 0062  5E		   *	    pop    si
 0063  5F		   *	    pop    di
 0064  5A		   *	    pop    dx
 0065  59		   *	    pop    cx
 0066  8B E5		   *	    mov    sp, bp
 0068  5D		   *	    pop    bp
 0069  C3		   *	    ret    00000h
 006A				ASC2HEX16	endp			;
				;;****************************************************************
					end
Microsoft (R) Macro Assembler Version 6.11		    07/23/15 20:11:07
a2h16.asm						     Symbols 2 - 1




Segments and Groups:

                N a m e                 Size     Length   Align   Combine Class

DGROUP . . . . . . . . . . . . .	GROUP
_TEXT  . . . . . . . . . . . . .	16 Bit	 006A	  Word	  Public  'CODE'	
_DATA  . . . . . . . . . . . . .	16 Bit	 000A	  Word	  Public  'DATA'	


Procedures,  parameters and locals:

                N a m e                 Type     Value    Attr

ASC2HEX16  . . . . . . . . . . .	P Near	 0000	  _TEXT	Length= 006A Public STDCALL
  dhex8  . . . . . . . . . . . .	Word	 bp - 0002
  hex_8  . . . . . . . . . . . .	Byte	 bp - 0007
  f8flag . . . . . . . . . . . .	Byte	 bp - 0008
  Error  . . . . . . . . . . . .	L Near	 005E	  _TEXT	
ASC2HEX8 . . . . . . . . . . . .	P Near	 0000	  Length= 0000 External STDCALL
ChangeExt  . . . . . . . . . . .	P Near	 0000	  Length= 0000 External STDCALL
Change_Current_Directory . . . .	P Near	 0000	  Length= 0000 External STDCALL
ComSmole . . . . . . . . . . . .	P Near	 0000	  Length= 0000 External STDCALL
ExeSmole . . . . . . . . . . . .	P Near	 0000	  Length= 0000 External STDCALL
FH2A16 . . . . . . . . . . . . .	P Near	 0000	  Length= 0000 External STDCALL
FH2A8  . . . . . . . . . . . . .	P Near	 0000	  Length= 0000 External STDCALL
File_Close . . . . . . . . . . .	P Near	 0000	  Length= 0000 External STDCALL
File_Create  . . . . . . . . . .	P Near	 0000	  Length= 0000 External STDCALL
File_Err . . . . . . . . . . . .	P Near	 0000	  Length= 0000 External STDCALL
File_Load_S  . . . . . . . . . .	P Near	 0000	  Length= 0000 External STDCALL
File_Load  . . . . . . . . . . .	P Near	 0000	  Length= 0000 External STDCALL
File_Open  . . . . . . . . . . .	P Near	 0000	  Length= 0000 External STDCALL
File_Seek  . . . . . . . . . . .	P Near	 0000	  Length= 0000 External STDCALL
File_Write . . . . . . . . . . .	P Near	 0000	  Length= 0000 External STDCALL
H2A8 . . . . . . . . . . . . . .	P Near	 0000	  Length= 0000 External STDCALL
H2A_F  . . . . . . . . . . . . .	P Near	 0000	  Length= 0000 External STDCALL
HEX2ASC16  . . . . . . . . . . .	P Near	 0000	  Length= 0000 External STDCALL
HEX2ASC8 . . . . . . . . . . . .	P Near	 0000	  Length= 0000 External STDCALL
Memory_Close . . . . . . . . . .	P Near	 0000	  Length= 0000 External STDCALL
Memory_Open  . . . . . . . . . .	P Near	 0000	  Length= 0000 External STDCALL
dat2hex16  . . . . . . . . . . .	P Near	 0000	  Length= 0000 External STDCALL
dat2hex8 . . . . . . . . . . . .	P Near	 0000	  Length= 0000 External STDCALL


Symbols:

                N a m e                 Type     Value    Attr

@CodeSize  . . . . . . . . . . .	Number	 0000h	 
@DataSize  . . . . . . . . . . .	Number	 0000h	 
@Interface . . . . . . . . . . .	Number	 0003h	 
@Model . . . . . . . . . . . . .	Number	 0001h	 
@code  . . . . . . . . . . . . .	Text   	 DGROUP
@data  . . . . . . . . . . . . .	Text   	 DGROUP
@fardata?  . . . . . . . . . . .	Text   	 FAR_BSS
@fardata . . . . . . . . . . . .	Text   	 FAR_DATA
@stack . . . . . . . . . . . . .	Text   	 DGROUP
A2H_MUL  . . . . . . . . . . . .	Word	 0000	  _DATA	

	   0 Warnings
	   0 Errors
