Microsoft (R) Macro Assembler Version 6.11		    10/20/11 12:12:33
d2h8.asm						     Page 1 - 1



					.186
					.model	tiny,stdcall


				;****************************************************************
				;*		外部宣言					*
				;****************************************************************
				include	lib_dos.inc
			      C 
			      C 
			      C ComSmole	proto	near,	sizeCOM:WORD
			      C ExeSmole	proto	near,	szDGROUP:WORD
			      C Memory_Open	proto	near,	ParaSize:word
			      C Memory_Close	proto	near,	CloseSegment:word
			      C 
			      C File_Create	proto	near,	cFilename:dword,iAttr:word
			      C File_Open	proto	near,	cFilename:dword,cMode:byte
			      C File_Close	proto	near,	hFile:word
			      C File_Load	proto	near,	hFile:word,	cBuff:dword
			      C File_Load_S	proto	near,	hFile:word,	iSize:word,	cBuff:dword
			      C File_Write	proto	near,	hFile:word,	iSize:word,	cBuff:dword
			      C File_Seek	proto	near,	hFile:word,	iControl:BYTE,	dOffset	:dword
			      C 
			      C ChangeExt			proto	near,	cFilename:dword,cExt:dword
			      C Change_Current_Directory	proto	near,	cDirname:dword
			      C 
			      C File_Err	proto	near
			      C 
			      C 
			      C 
			      C ASC2HEX8	proto	near
			      C ASC2HEX16	proto	near
			      C HEX2ASC8	proto	near
			      C HEX2ASC16	proto	near
			      C FH2A8		proto	near
			      C FH2A16		proto	near
			      C H2A_F		proto	near,	iValue	:WORD,	iForm	:WORD
			      C H2A8		proto	near
			      C dat2hex8	proto	near
			      C dat2hex16	proto	near
			      C 
			      C 
			      C 


				;****************************************************************
				;*		コード						*
				;****************************************************************
				;---------------------------------------------------------------|
				;		１６進数コード～ASCII CODE(FF)			|
				;---------------------------------------------------------------|
				;	処理							|
				;		１６進コードを１６進のアスキーコードに変換	|
				;	引数							|
				;		AL←変換したい数値				|
				;	返り値							|
				;		CS:DX←変換した文字列の先頭アドレス		|
				;	コメント						|
				;		この書き方は、書いたの近頃だ。			|
				;---------------------------------------------------------------|
 0000				.data
 0000 30 30 24			dat2hex8_Print	db	'00$'
 0000				.code
 0000				dat2hex8	proc	near	uses ax

 0000  50		   *	    push   ax
 0001  8A E0					mov	ah,al		;
 0003  C0 E8 04					shr	al,4		;ah←下位4bit
 0006  25 0F0F					and	ax,0f0fh	;al←上位4bit

 0009  3C 0A					cmp	al,0ah		;
 000B  72 02					jc	dat2hex8_Low	;下位4bitは0x0A以下？
 000D  04 07					add	al,7		;
 000F				dat2hex8_Low:				;
 000F  80 FC 0A					cmp	ah,0ah		;
 0012  72 03					jc	dat2hex8_Hi	;上位4bitは0x0A以下？
 0014  80 C4 07					add	ah,7		;
 0017				dat2hex8_Hi:				;
 0017  05 3030					add	ax,3030h	;

 001A  2E: A3 0000 R				mov	word ptr cs:[dat2hex8_Print],ax

 001E  0E					push	cs		;
 001F  1F					pop	ds		;ds:dx←far &(dat2hex8_Print)
 0020  BA 0000 R				mov	dx,offset dat2hex8_Print

						ret			;
 0023  58		   *	    pop    ax
 0024  C3		   *	    ret    00000h
 0025				dat2hex8	endp			;
				;****************************************************************
					end
Microsoft (R) Macro Assembler Version 6.11		    10/20/11 12:12:33
d2h8.asm						     Symbols 2 - 1




Segments and Groups:

                N a m e                 Size     Length   Align   Combine Class

DGROUP . . . . . . . . . . . . .	GROUP
_TEXT  . . . . . . . . . . . . .	16 Bit	 0025	  Word	  Public  'CODE'	
_DATA  . . . . . . . . . . . . .	16 Bit	 0003	  Word	  Public  'DATA'	


Procedures,  parameters and locals:

                N a m e                 Type     Value    Attr

ASC2HEX16  . . . . . . . . . . .	P Near	 0000	  Length= 0000 External STDCALL
ASC2HEX8 . . . . . . . . . . . .	P Near	 0000	  Length= 0000 External STDCALL
ChangeExt  . . . . . . . . . . .	P Near	 0000	  Length= 0000 External STDCALL
Change_Current_Directory . . . .	P Near	 0000	  Length= 0000 External STDCALL
ComSmole . . . . . . . . . . . .	P Near	 0000	  Length= 0000 External STDCALL
ExeSmole . . . . . . . . . . . .	P Near	 0000	  Length= 0000 External STDCALL
FH2A16 . . . . . . . . . . . . .	P Near	 0000	  Length= 0000 External STDCALL
FH2A8  . . . . . . . . . . . . .	P Near	 0000	  Length= 0000 External STDCALL
File_Close . . . . . . . . . . .	P Near	 0000	  Length= 0000 External STDCALL
File_Create  . . . . . . . . . .	P Near	 0000	  Length= 0000 External STDCALL
File_Err . . . . . . . . . . . .	P Near	 0000	  Length= 0000 External STDCALL
File_Load_S  . . . . . . . . . .	P Near	 0000	  Length= 0000 External STDCALL
File_Load  . . . . . . . . . . .	P Near	 0000	  Length= 0000 External STDCALL
File_Open  . . . . . . . . . . .	P Near	 0000	  Length= 0000 External STDCALL
File_Seek  . . . . . . . . . . .	P Near	 0000	  Length= 0000 External STDCALL
File_Write . . . . . . . . . . .	P Near	 0000	  Length= 0000 External STDCALL
H2A8 . . . . . . . . . . . . . .	P Near	 0000	  Length= 0000 External STDCALL
H2A_F  . . . . . . . . . . . . .	P Near	 0000	  Length= 0000 External STDCALL
HEX2ASC16  . . . . . . . . . . .	P Near	 0000	  Length= 0000 External STDCALL
HEX2ASC8 . . . . . . . . . . . .	P Near	 0000	  Length= 0000 External STDCALL
Memory_Close . . . . . . . . . .	P Near	 0000	  Length= 0000 External STDCALL
Memory_Open  . . . . . . . . . .	P Near	 0000	  Length= 0000 External STDCALL
dat2hex16  . . . . . . . . . . .	P Near	 0000	  Length= 0000 External STDCALL
dat2hex8 . . . . . . . . . . . .	P Near	 0000	  _TEXT	Length= 0025 Public STDCALL
  dat2hex8_Low . . . . . . . . .	L Near	 000F	  _TEXT	
  dat2hex8_Hi  . . . . . . . . .	L Near	 0017	  _TEXT	


Symbols:

                N a m e                 Type     Value    Attr

@CodeSize  . . . . . . . . . . .	Number	 0000h	 
@DataSize  . . . . . . . . . . .	Number	 0000h	 
@Interface . . . . . . . . . . .	Number	 0003h	 
@Model . . . . . . . . . . . . .	Number	 0001h	 
@code  . . . . . . . . . . . . .	Text   	 DGROUP
@data  . . . . . . . . . . . . .	Text   	 DGROUP
@fardata?  . . . . . . . . . . .	Text   	 FAR_BSS
@fardata . . . . . . . . . . . .	Text   	 FAR_DATA
@stack . . . . . . . . . . . . .	Text   	 DGROUP
dat2hex8_Print . . . . . . . . .	Byte	 0000	  _DATA	

	   0 Warnings
	   0 Errors
