Microsoft (R) Macro Assembler Version 6.11		    04/22/12 02:03:03
h2a16.asm						     Page 1 - 1



					.186
					.model	tiny,stdcall


				;****************************************************************
				;*		äOïîêÈåæ					*
				;****************************************************************
				include	lib_dos.inc
			      C 
			      C 
			      C ComSmole	proto	near,	sizeCOM:WORD
			      C ExeSmole	proto	near,	szDGROUP:WORD
			      C Memory_Open	proto	near,	ParaSize:word
			      C Memory_Close	proto	near,	CloseSegment:word
			      C 
			      C File_Create	proto	near,	cFilename:dword,iAttr:word
			      C File_Open	proto	near,	cFilename:dword,cMode:byte
			      C File_Close	proto	near,	hFile:word
			      C File_Load	proto	near,	hFile:word,	cBuff:dword
			      C File_Load_S	proto	near,	hFile:word,	iSize:word,	cBuff:dword
			      C File_Write	proto	near,	hFile:word,	iSize:word,	cBuff:dword
			      C File_Seek	proto	near,	hFile:word,	iControl:BYTE,	dOffset	:dword
			      C 
			      C ChangeExt			proto	near,	cFilename:dword,cExt:dword
			      C Change_Current_Directory	proto	near,	cDirname:dword
			      C 
			      C File_Err	proto	near
			      C 
			      C 
			      C 
			      C ASC2HEX8	proto	near
			      C ASC2HEX16	proto	near
			      C HEX2ASC8	proto	near
			      C HEX2ASC16	proto	near
			      C FH2A8		proto	near
			      C FH2A16		proto	near
			      C H2A_F		proto	near,	iValue	:WORD,	iForm	:WORD
			      C H2A8		proto	near
			      C dat2hex8	proto	near
			      C dat2hex16	proto	near
			      C 
			      C 
			      C 


				;****************************************************************
				;*		ÉRÅ[Éh						*
				;****************************************************************
				;---------------------------------------------------------------|
				;		ÇPÇUêiêîÉRÅ[ÉhÅ`ASCII CODE(65535)		|
				;---------------------------------------------------------------|
				;	èàóù							|
				;		ÇPÇUêiÉRÅ[ÉhÇÇPÇOêiÇÃÉAÉXÉLÅ[ÉRÅ[ÉhÇ…ïœä∑	|
				;	à¯êî							|
				;		AXÅ©ïœä∑ÇµÇΩÇ¢êîíl				|
				;	ï‘ÇËíl							|
				;		DXÅ©ïœä∑ÇµÇΩï∂éöóÒÇÃêÊì™ÉAÉhÉåÉX		|
				;---------------------------------------------------------------|
 0000				.data
 0000  2D				DB	'-'			;ïÑçÜ
 0001 24 24 24 24 24 24		ASC_16	DB	'$$$$$$$'
       24
 0008 2710 03E8 0064 000A	H2A_Div	dw	10000,1000,100,10,1
       0001
 0000				.code
 0000				HEX2ASC16	proc	near	uses ax bx cx di es

					local	flag:byte

 0000  55		   *	    push   bp
 0001  8B EC		   *	    mov    bp, sp
 0003  83 C4 FE		   *	    add    sp, 0FFFEh
 0006  50		   *	    push   ax
 0007  53		   *	    push   bx
 0008  51		   *	    push   cx
 0009  57		   *	    push   di
 000A  06		   *	    push   es
 000B  0E				push	cs
 000C  07				pop	es
 000D  8D 3E 0001 R			lea	di, [ASC_16]		;es:di Å© ïœä∑êÊÉAÉhÉåÉX
 0011  33 DB				xor	bx, bx
 0013  88 5E FF				mov	flag, bl		;flag reset
 0016  B9 0005				mov	cx, 5
 0019  8B D0				mov	dx, ax
					.repeat
 001B			   *@C0001:
					   .if	( (ax >= word ptr cs:[H2A_Div + bx]) || (flag != 0)  || (cx==1))
 001B  2E: 3B 87 0008 R	   *	    cmp    ax, word ptr cs : [H2A_Div + bx]
 0020  73 0B		   *	    jae    @C0003
 0022  80 7E FF 00	   *	    cmp    flag, 000h
 0026  75 05		   *	    jne    @C0003
 0028  83 F9 01		   *	    cmp    cx, 001h
 002B  75 10		   *	    jne    @C0002
 002D			   *@C0003:
 002D  C6 46 FF 01				mov	flag, 1
 0031  8B C2					mov	ax, dx
 0033  33 D2					xor	dx, dx
 0035  2E: F7 B7 0008 R				div	word ptr cs:[H2A_Div + bx]
 003A  04 30					add	al,30h
 003C  AA					stosb
					   .endif
 003D			   *@C0002:
 003D  83 C3 02				   add	bx,2
 0040  49				   dec	cx
					.until	(zero?)
 0041  75 D8		   *	    jne    @C0001
 0043  26: C7 05 0024			mov	word ptr es:[di], '$'
 0048  8D 16 0001 R			lea	dx, [ASC_16]		;es:di Å© ïœä∑êÊÉAÉhÉåÉX

					ret
 004C  07		   *	    pop    es
 004D  5F		   *	    pop    di
 004E  59		   *	    pop    cx
 004F  5B		   *	    pop    bx
 0050  58		   *	    pop    ax
 0051  8B E5		   *	    mov    sp, bp
 0053  5D		   *	    pop    bp
 0054  C3		   *	    ret    00000h


				;	PUSH	AX			
				;	PUSH	BX			
				;	PUSH	CX			
				;
				;	PUSH	AX			
				;	MOV	BX,OFFSET ASC_16	
				;	MOV	AL,'$'			
				;	MOV	CS:[BX],AL		
				;	INC	BX			
				;	MOV	CS:[BX],AL		
				;	INC	BX			
				;	MOV	CS:[BX],AL		
				;	INC	BX			
				;	MOV	CS:[BX],AL		
				;	INC	BX			
				;	MOV	CS:[BX],AL		
				;	INC	BX			
				;	MOV	CS:[BX],AL		
				;	INC	BX			
				;	MOV	CS:[BX],AL		
				;;	INC	BX			
				;;	MOV	CS:[BX],AL		
				;	POP	AX			
				;
				;	MOV	BX,OFFSET ASC_16	
				;	MOV	CL,' '			
				;	MOV	DX,AX			
				;	CMP	DX,10000		;ÇPÇOÇOÇOÇOÇÃà ÇÕÇ†ÇÈÅH
				;	JC	H2A6L5			
				;	
				;	XOR	DX,DX			
				;	MOV	CX,10000		
				;	DIV	CX			
				;	ADD	AL,30H			
				;	MOV	CL,AL			
				;	MOV	CS:[BX],CL		
				;	INC	BX			
				;H2A6L5:	
				;	CMP	CL,' '			
				;	JNZ	H2A6E4			
				;	CMP	DX,1000			;ÇPÇOÇOÇOÇÃà ÇÕÅH
				;	JC	H2A6L4			
				;	
				;H2A6E4:	MOV	AX,DX			
				;	XOR	DX,DX			
				;	MOV	CX,1000			
				;	DIV	CX			
				;	ADD	AL,30H			
				;	MOV	CL,AL			
				;	MOV	CS:[BX],CL		
				;	INC	BX			
				;H2A6L4:	
				;	CMP	CL,' '			
				;	JNZ	H2A6E3			
				;	CMP	DX,100			;ÇPÇOÇOÇÃà 
				;	JC	H2A6L3			
				;	
				;H2A6E3:	MOV	AX,DX			
				;	XOR	DX,DX			
				;	MOV	CX,100			
				;	DIV	CX			
				;	ADD	AL,30H			
				;	MOV	CL,AL			
				;	MOV	CS:[BX],CL		
				;	INC	BX			
				;H2A6L3:	
				;	CMP	CL,' '			
				;	JNZ	H2A6E2			
				;	CMP	DX,10			;ÇPÇOÇÃà ÇÕÅH
				;	JC	H2A6L2			
				;
				;H2A6E2:	MOV	AX,DX			
				;	XOR	DX,DX			
				;	MOV	CX,10			
				;	DIV	CX			
				;	ADD	AL,30H			
				;	MOV	CL,AL			
				;	MOV	CS:[BX],CL		
				;	INC	BX			
				;H2A6L2:	
				;	MOV	AX,DX			
				;	ADD	AL,30H			
				;	MOV	CS:[BX],AL		;ÇPÇÃà ÇÕïKÇ∏èëÇ≠
				;	
				;	MOV	DX,OFFSET ASC_16	
				;	POP	CX			
				;	POP	BX			
				;	POP	AX			
				;
				;	RET				
 0055				HEX2ASC16	endp
				;****************************************************************
					end
Microsoft (R) Macro Assembler Version 6.11		    04/22/12 02:03:03
h2a16.asm						     Symbols 2 - 1




Segments and Groups:

                N a m e                 Size     Length   Align   Combine Class

DGROUP . . . . . . . . . . . . .	GROUP
_TEXT  . . . . . . . . . . . . .	16 Bit	 0055	  Word	  Public  'CODE'	
_DATA  . . . . . . . . . . . . .	16 Bit	 0012	  Word	  Public  'DATA'	


Procedures,  parameters and locals:

                N a m e                 Type     Value    Attr

ASC2HEX16  . . . . . . . . . . .	P Near	 0000	  Length= 0000 External STDCALL
ASC2HEX8 . . . . . . . . . . . .	P Near	 0000	  Length= 0000 External STDCALL
ChangeExt  . . . . . . . . . . .	P Near	 0000	  Length= 0000 External STDCALL
Change_Current_Directory . . . .	P Near	 0000	  Length= 0000 External STDCALL
ComSmole . . . . . . . . . . . .	P Near	 0000	  Length= 0000 External STDCALL
ExeSmole . . . . . . . . . . . .	P Near	 0000	  Length= 0000 External STDCALL
FH2A16 . . . . . . . . . . . . .	P Near	 0000	  Length= 0000 External STDCALL
FH2A8  . . . . . . . . . . . . .	P Near	 0000	  Length= 0000 External STDCALL
File_Close . . . . . . . . . . .	P Near	 0000	  Length= 0000 External STDCALL
File_Create  . . . . . . . . . .	P Near	 0000	  Length= 0000 External STDCALL
File_Err . . . . . . . . . . . .	P Near	 0000	  Length= 0000 External STDCALL
File_Load_S  . . . . . . . . . .	P Near	 0000	  Length= 0000 External STDCALL
File_Load  . . . . . . . . . . .	P Near	 0000	  Length= 0000 External STDCALL
File_Open  . . . . . . . . . . .	P Near	 0000	  Length= 0000 External STDCALL
File_Seek  . . . . . . . . . . .	P Near	 0000	  Length= 0000 External STDCALL
File_Write . . . . . . . . . . .	P Near	 0000	  Length= 0000 External STDCALL
H2A8 . . . . . . . . . . . . . .	P Near	 0000	  Length= 0000 External STDCALL
H2A_F  . . . . . . . . . . . . .	P Near	 0000	  Length= 0000 External STDCALL
HEX2ASC16  . . . . . . . . . . .	P Near	 0000	  _TEXT	Length= 0055 Public STDCALL
  flag . . . . . . . . . . . . .	Byte	 bp - 0001
HEX2ASC8 . . . . . . . . . . . .	P Near	 0000	  Length= 0000 External STDCALL
Memory_Close . . . . . . . . . .	P Near	 0000	  Length= 0000 External STDCALL
Memory_Open  . . . . . . . . . .	P Near	 0000	  Length= 0000 External STDCALL
dat2hex16  . . . . . . . . . . .	P Near	 0000	  Length= 0000 External STDCALL
dat2hex8 . . . . . . . . . . . .	P Near	 0000	  Length= 0000 External STDCALL


Symbols:

                N a m e                 Type     Value    Attr

@CodeSize  . . . . . . . . . . .	Number	 0000h	 
@DataSize  . . . . . . . . . . .	Number	 0000h	 
@Interface . . . . . . . . . . .	Number	 0003h	 
@Model . . . . . . . . . . . . .	Number	 0001h	 
@code  . . . . . . . . . . . . .	Text   	 DGROUP
@data  . . . . . . . . . . . . .	Text   	 DGROUP
@fardata?  . . . . . . . . . . .	Text   	 FAR_BSS
@fardata . . . . . . . . . . . .	Text   	 FAR_DATA
@stack . . . . . . . . . . . . .	Text   	 DGROUP
ASC_16 . . . . . . . . . . . . .	Byte	 0001	  _DATA	
H2A_Div  . . . . . . . . . . . .	Word	 0008	  _DATA	

	   0 Warnings
	   0 Errors
