Microsoft (R) Macro Assembler Version 6.11		    04/22/12 02:03:03
int21err.asm						     Page 1 - 1



					.186
					.model	tiny,stdcall


				;****************************************************************
				;*		外部宣言					*
				;****************************************************************
				include	lib_dos.inc
			      C 
			      C 
			      C ComSmole	proto	near,	sizeCOM:WORD
			      C ExeSmole	proto	near,	szDGROUP:WORD
			      C Memory_Open	proto	near,	ParaSize:word
			      C Memory_Close	proto	near,	CloseSegment:word
			      C 
			      C File_Create	proto	near,	cFilename:dword,iAttr:word
			      C File_Open	proto	near,	cFilename:dword,cMode:byte
			      C File_Close	proto	near,	hFile:word
			      C File_Load	proto	near,	hFile:word,	cBuff:dword
			      C File_Load_S	proto	near,	hFile:word,	iSize:word,	cBuff:dword
			      C File_Write	proto	near,	hFile:word,	iSize:word,	cBuff:dword
			      C File_Seek	proto	near,	hFile:word,	iControl:BYTE,	dOffset	:dword
			      C 
			      C ChangeExt			proto	near,	cFilename:dword,cExt:dword
			      C Change_Current_Directory	proto	near,	cDirname:dword
			      C 
			      C File_Err	proto	near
			      C 
			      C 
			      C 
			      C ASC2HEX8	proto	near
			      C ASC2HEX16	proto	near
			      C HEX2ASC8	proto	near
			      C HEX2ASC16	proto	near
			      C FH2A8		proto	near
			      C FH2A16		proto	near
			      C H2A_F		proto	near,	iValue	:WORD,	iForm	:WORD
			      C H2A8		proto	near
			      C dat2hex8	proto	near
			      C dat2hex16	proto	near
			      C 
			      C 
			      C 


				;****************************************************************
				;*		コード						*
				;****************************************************************
				;---------------------------------------------------------------|
				;		エラー終了					|
				;---------------------------------------------------------------|
				;	●引数							|
				;		ax Error Code					|
				;---------------------------------------------------------------|
 0000				.const
 0000 0020 R			Error_MsgOffset	dw	offset	Err_M00
 0002  0030 R					dw	offset	Err_M01
 0004  0052 R					dw	offset	Err_M02
 0006  0076 R					dw	offset	Err_M03
 0008  009A R					dw	offset	Err_M04
 000A  00CC R					dw	offset	Err_M05
 000C  00F2 R					dw	offset	Err_M06
 000E  0130 R					dw	offset	Err_M07
 0010  0164 R					dw	offset	Err_M08
 0012  0192 R					dw	offset	Err_M09
 0014  01CC R					dw	offset	Err_M0A
 0016  01F7 R					dw	offset	Err_M0B
 0018  0236 R					dw	offset	Err_M0C
 001A  026A R					dw	offset	Err_M0D
 001C  0294 R					dw	offset	Err_M0E
 001E  02A2 R					dw	offset	Err_M0F

 0020 45 72 72 3D 30 78		Err_M00	db	'Err=0x00:正常',0dh,0ah,24h
       30 30 3A 90 B3 8F
       ED 0D 0A 24
 0030 45 72 72 3D 30 78		Err_M01	db	'Err=0x01:無効な機能コードです。',0dh,0ah,24h
       30 31 3A 96 B3 8C
       F8 82 C8 8B 40 94
       5C 83 52 81 5B 83
       68 82 C5 82 B7 81
       42 0D 0A 24
 0052 45 72 72 3D 30 78		Err_M02	db	'Err=0x02:ファイルが存在しません。',0dh,0ah,24h
       30 32 3A 83 74 83
       40 83 43 83 8B 82
       AA 91 B6 8D DD 82
       B5 82 DC 82 B9 82
       F1 81 42 0D 0A 24
 0076 45 72 72 3D 30 78		Err_M03	db	'Err=0x03:指定されたパスが無効です',0dh,0ah,24h
       30 33 3A 8E 77 92
       E8 82 B3 82 EA 82
       BD 83 70 83 58 82
       AA 96 B3 8C F8 82
       C5 82 B7 0D 0A 24
 009A 45 72 72 3D 30 78		Err_M04	db	'Err=0x04:オープンされているファイルが多いです。',0dh,0ah,24h
       30 34 3A 83 49 81
       5B 83 76 83 93 82
       B3 82 EA 82 C4 82
       A2 82 E9 83 74 83
       40 83 43 83 8B 82
       AA 91 BD 82 A2 82
       C5 82 B7 81 42 0D
       0A 24
 00CC 45 72 72 3D 30 78		Err_M05	db	'Err=0x05:アクセスが拒否されました。',0dh,0ah,24h
       30 35 3A 83 41 83
       4E 83 5A 83 58 82
       AA 8B 91 94 DB 82
       B3 82 EA 82 DC 82
       B5 82 BD 81 42 0D
       0A 24
 00F2 45 72 72 3D 30 78		Err_M06	db	'Err=0x06:指定されたファイルは、現在オープンされていません。',0dh,0ah,24h
       30 36 3A 8E 77 92
       E8 82 B3 82 EA 82
       BD 83 74 83 40 83
       43 83 8B 82 CD 81
       41 8C BB 8D DD 83
       49 81 5B 83 76 83
       93 82 B3 82 EA 82
       C4 82 A2 82 DC 82
       B9 82 F1 81 42 0D
       0A 24
 0130 45 72 72 3D 30 78		Err_M07	db	'Err=0x07:Memory Control Blockが破壊されています。',0dh,0ah,24h
       30 37 3A 4D 65 6D
       6F 72 79 20 43 6F
       6E 74 72 6F 6C 20
       42 6C 6F 63 6B 82
       AA 94 6A 89 F3 82
       B3 82 EA 82 C4 82
       A2 82 DC 82 B7 81
       42 0D 0A 24
 0164 45 72 72 3D 30 78		Err_M08	db	'Err=0x08:十分な大きさのメモリがありません。',0dh,0ah,24h
       30 38 3A 8F 5C 95
       AA 82 C8 91 E5 82
       AB 82 B3 82 CC 83
       81 83 82 83 8A 82
       AA 82 A0 82 E8 82
       DC 82 B9 82 F1 81
       42 0D 0A 24
 0192 45 72 72 3D 30 78		Err_M09	db	'Err=0x09:指定されたメモリーは、割り当てられていません。',0dh,0ah,24h
       30 39 3A 8E 77 92
       E8 82 B3 82 EA 82
       BD 83 81 83 82 83
       8A 81 5B 82 CD 81
       41 8A 84 82 E8 93
       96 82 C4 82 E7 82
       EA 82 C4 82 A2 82
       DC 82 B9 82 F1 81
       42 0D 0A 24
 01CC 45 72 72 3D 30 78		Err_M0A	db	'Err=0x0A:環境変数が32kByte以上あります。',0dh,0ah,24h
       30 41 3A 8A C2 8B
       AB 95 CF 90 94 82
       AA 33 32 6B 42 79
       74 65 88 C8 8F E3
       82 A0 82 E8 82 DC
       82 B7 81 42 0D 0A
       24
 01F7 45 72 72 3D 30 78		Err_M0B	db	'Err=0x0B:指定されたファイルのexeヘッダーが正しくありません。',0dh,0ah,24h
       30 42 3A 8E 77 92
       E8 82 B3 82 EA 82
       BD 83 74 83 40 83
       43 83 8B 82 CC 65
       78 65 83 77 83 62
       83 5F 81 5B 82 AA
       90 B3 82 B5 82 AD
       82 A0 82 E8 82 DC
       82 B9 82 F1 81 42
       0D 0A 24
 0236 45 72 72 3D 30 78		Err_M0C	db	'Err=0x0C:ファイルアクセスコードが0～2の範囲外です',0dh,0ah,24h
       30 43 3A 83 74 83
       40 83 43 83 8B 83
       41 83 4E 83 5A 83
       58 83 52 81 5B 83
       68 82 AA 30 81 60
       32 82 CC 94 CD 88
       CD 8A 4F 82 C5 82
       B7 0D 0A 24
 026A 45 72 72 3D 30 78		Err_M0D	db	'Err=0x0D:指定されたデバイスは無効です。',0dh,0ah,24h
       30 44 3A 8E 77 92
       E8 82 B3 82 EA 82
       BD 83 66 83 6F 83
       43 83 58 82 CD 96
       B3 8C F8 82 C5 82
       B7 81 42 0D 0A 24
 0294 45 72 72 3D 30 78		Err_M0E	db	'Err=0x0E:？',0dh,0ah,24h
       30 45 3A 81 48 0D
       0A 24
 02A2 45 72 72 3D 30 78		Err_M0F	db	'Err=0x0F:指定されたドライブ番号は無効です。',0dh,0ah,24h
       30 46 3A 8E 77 92
       E8 82 B3 82 EA 82
       BD 83 68 83 89 83
       43 83 75 94 D4 8D
       86 82 CD 96 B3 8C
       F8 82 C5 82 B7 81
       42 0D 0A 24
 0000				.code
 0000				File_Err	proc	near

 0000  1E					push	ds
 0001  52					push	dx
 0002  50					push	ax
 0003  BB 0000 R				mov	bx,offset Error_MsgOffset
 0006  D1 E0					shl	ax,1			;
 0008  03 D8					add	bx,ax			;
 000A  2E: 8B 17				mov	dx,cs:[bx]		;
 000D  0E					push	cs			;
 000E  1F					pop	ds			;

 000F  B4 09					mov	AH,09H			;
 0011  CD 21					int	21H			;
 0013  58					pop	ax
 0014  5A					pop	dx
 0015  1F					pop	ds

					.if	((ax==02h)||(ax==03h)||(ax==0Bh)||(ax==0Ch))
 0016  83 F8 02		   *	    cmp    ax, 002h
 0019  74 0F		   *	    je     @C0002
 001B  83 F8 03		   *	    cmp    ax, 003h
 001E  74 0A		   *	    je     @C0002
 0020  83 F8 0B		   *	    cmp    ax, 00Bh
 0023  74 05		   *	    je     @C0002
 0025  83 F8 0C		   *	    cmp    ax, 00Ch
 0028  75 04		   *	    jne    @C0001
 002A			   *@C0002:
 002A  B4 09					mov	AH,09H			;
 002C  CD 21					int	21H			;
					.endif
 002E			   *@C0001:

						.exit	255
 002E  B8 4CFF		   *	    mov    ax, 04CFFh
 0031  CD 21		   *	    int    021h
 0033				File_Err	endp
				;****************************************************************
					end
Microsoft (R) Macro Assembler Version 6.11		    04/22/12 02:03:03
int21err.asm						     Symbols 2 - 1




Segments and Groups:

                N a m e                 Size     Length   Align   Combine Class

DGROUP . . . . . . . . . . . . .	GROUP
_TEXT  . . . . . . . . . . . . .	16 Bit	 0033	  Word	  Public  'CODE'	
_DATA  . . . . . . . . . . . . .	16 Bit	 0000	  Word	  Public  'DATA'	
CONST  . . . . . . . . . . . . .	16 Bit	 02D0	  Word	  Public  'CONST'	 ReadOnly


Procedures,  parameters and locals:

                N a m e                 Type     Value    Attr

ASC2HEX16  . . . . . . . . . . .	P Near	 0000	  Length= 0000 External STDCALL
ASC2HEX8 . . . . . . . . . . . .	P Near	 0000	  Length= 0000 External STDCALL
ChangeExt  . . . . . . . . . . .	P Near	 0000	  Length= 0000 External STDCALL
Change_Current_Directory . . . .	P Near	 0000	  Length= 0000 External STDCALL
ComSmole . . . . . . . . . . . .	P Near	 0000	  Length= 0000 External STDCALL
ExeSmole . . . . . . . . . . . .	P Near	 0000	  Length= 0000 External STDCALL
FH2A16 . . . . . . . . . . . . .	P Near	 0000	  Length= 0000 External STDCALL
FH2A8  . . . . . . . . . . . . .	P Near	 0000	  Length= 0000 External STDCALL
File_Close . . . . . . . . . . .	P Near	 0000	  Length= 0000 External STDCALL
File_Create  . . . . . . . . . .	P Near	 0000	  Length= 0000 External STDCALL
File_Err . . . . . . . . . . . .	P Near	 0000	  _TEXT	Length= 0033 Public STDCALL
File_Load_S  . . . . . . . . . .	P Near	 0000	  Length= 0000 External STDCALL
File_Load  . . . . . . . . . . .	P Near	 0000	  Length= 0000 External STDCALL
File_Open  . . . . . . . . . . .	P Near	 0000	  Length= 0000 External STDCALL
File_Seek  . . . . . . . . . . .	P Near	 0000	  Length= 0000 External STDCALL
File_Write . . . . . . . . . . .	P Near	 0000	  Length= 0000 External STDCALL
H2A8 . . . . . . . . . . . . . .	P Near	 0000	  Length= 0000 External STDCALL
H2A_F  . . . . . . . . . . . . .	P Near	 0000	  Length= 0000 External STDCALL
HEX2ASC16  . . . . . . . . . . .	P Near	 0000	  Length= 0000 External STDCALL
HEX2ASC8 . . . . . . . . . . . .	P Near	 0000	  Length= 0000 External STDCALL
Memory_Close . . . . . . . . . .	P Near	 0000	  Length= 0000 External STDCALL
Memory_Open  . . . . . . . . . .	P Near	 0000	  Length= 0000 External STDCALL
dat2hex16  . . . . . . . . . . .	P Near	 0000	  Length= 0000 External STDCALL
dat2hex8 . . . . . . . . . . . .	P Near	 0000	  Length= 0000 External STDCALL


Symbols:

                N a m e                 Type     Value    Attr

@CodeSize  . . . . . . . . . . .	Number	 0000h	 
@DataSize  . . . . . . . . . . .	Number	 0000h	 
@Interface . . . . . . . . . . .	Number	 0003h	 
@Model . . . . . . . . . . . . .	Number	 0001h	 
@code  . . . . . . . . . . . . .	Text   	 DGROUP
@data  . . . . . . . . . . . . .	Text   	 DGROUP
@fardata?  . . . . . . . . . . .	Text   	 FAR_BSS
@fardata . . . . . . . . . . . .	Text   	 FAR_DATA
@stack . . . . . . . . . . . . .	Text   	 DGROUP
Err_M00  . . . . . . . . . . . .	Byte	 0020	  CONST	
Err_M01  . . . . . . . . . . . .	Byte	 0030	  CONST	
Err_M02  . . . . . . . . . . . .	Byte	 0052	  CONST	
Err_M03  . . . . . . . . . . . .	Byte	 0076	  CONST	
Err_M04  . . . . . . . . . . . .	Byte	 009A	  CONST	
Err_M05  . . . . . . . . . . . .	Byte	 00CC	  CONST	
Err_M06  . . . . . . . . . . . .	Byte	 00F2	  CONST	
Err_M07  . . . . . . . . . . . .	Byte	 0130	  CONST	
Err_M08  . . . . . . . . . . . .	Byte	 0164	  CONST	
Err_M09  . . . . . . . . . . . .	Byte	 0192	  CONST	
Err_M0A  . . . . . . . . . . . .	Byte	 01CC	  CONST	
Err_M0B  . . . . . . . . . . . .	Byte	 01F7	  CONST	
Err_M0C  . . . . . . . . . . . .	Byte	 0236	  CONST	
Err_M0D  . . . . . . . . . . . .	Byte	 026A	  CONST	
Err_M0E  . . . . . . . . . . . .	Byte	 0294	  CONST	
Err_M0F  . . . . . . . . . . . .	Byte	 02A2	  CONST	
Error_MsgOffset  . . . . . . . .	Word	 0000	  CONST	

	   0 Warnings
	   0 Errors
